Tue Sep 15 05:04:14 UTC 2026 - TBH update
Wed Sep 16 05:00:06 UTC 2026 - TBH update
Thu Sep 17 05:02:16 UTC 2026 - TBH update
Fri Sep 18 04:55:14 UTC 2026 - TBH update
Sat Sep 19 04:46:56 UTC 2026 - TBH update
Sun Sep 20 05:04:41 UTC 2026 - TBH update
Mon Sep 21 05:09:43 UTC 2026 - TBH update
Tue Sep 22 05:11:06 UTC 2026 - TBH update
Wed Sep 23 04:55:29 UTC 2026 - TBH update
Thu Sep 24 05:05:20 UTC 2026 - TBH update
Fri Sep 25 05:07:42 UTC 2026 - TBH update
Sat Sep 26 05:11:25 UTC 2026 - TBH update
Sun Sep 27 05:28:35 UTC 2026 - TBH update
Mon Sep 28 05:37:08 UTC 2026 - TBH update
Tue Sep 29 05:54:42 UTC 2026 - TBH update
Wed Sep 30 05:45:05 UTC 2026 - TBH update
Thu Oct  1 06:11:54 UTC 2026 - TBH update
Fri Oct  2 05:55:02 UTC 2026 - TBH update
Sat Oct  3 05:29:52 UTC 2026 - TBH update
Sun Oct  4 06:04:43 UTC 2026 - TBH update
